
[1m[46m RUN [49m[22m [36mv4.0.15 [39m[90m/workspaces/toolkit-site[39m

 [32m✓[39m src/app/tools/url-encoder-decoder/page.test.tsx [2m([22m[2m6 tests[22m[2m)[22m[32m 75[2mms[22m[39m
 [32m✓[39m src/app/tools/json-formatter/page.test.tsx [2m([22m[2m7 tests[22m[2m)[22m[32m 97[2mms[22m[39m
[90mstderr[2m | src/app/tools/string-case-converter/page.test.tsx[2m > [22m[2mStringCaseConverter[2m > [22m[2mcopies to clipboard
[22m[39mAn update to CaseCard inside a test was not wrapped in act(...).

When testing, code that causes React state updates should be wrapped into act(...):

act(() => {
  /* fire events that update state */
});
/* assert on the output */

This ensures that you're testing the behavior the user would see in the browser. Learn more at https://react.dev/link/wrap-tests-with-act

 [32m✓[39m src/app/tools/string-case-converter/page.test.tsx [2m([22m[2m5 tests[22m[2m)[22m[32m 123[2mms[22m[39m
 [32m✓[39m src/app/tools/url-parser/page.test.tsx [2m([22m[2m4 tests[22m[2m)[22m[32m 88[2mms[22m[39m
 [32m✓[39m src/app/tools/css-unit-converter/page.test.tsx [2m([22m[2m7 tests[22m[2m)[22m[32m 98[2mms[22m[39m
 [32m✓[39m src/app/tools/prime-factorization/page.test.tsx [2m([22m[2m11 tests[22m[2m)[22m[33m 479[2mms[22m[39m
 [32m✓[39m src/app/tools/color-converter/page.test.tsx [2m([22m[2m4 tests[22m[2m)[22m[32m 130[2mms[22m[39m
 [32m✓[39m src/app/tools/number-base-converter/page.test.tsx [2m([22m[2m13 tests[22m[2m)[22m[33m 543[2mms[22m[39m
 [32m✓[39m src/app/tools/base64-converter/page.test.tsx [2m([22m[2m5 tests[22m[2m)[22m[32m 234[2mms[22m[39m
 [32m✓[39m src/app/tools/password-generator/page.test.tsx [2m([22m[2m5 tests[22m[2m)[22m[32m 146[2mms[22m[39m
 [32m✓[39m src/app/tools/jwt-debugger/page.test.tsx [2m([22m[2m14 tests[22m[2m)[22m[33m 3204[2mms[22m[39m
       [33m[2m✓[22m[39m generates token [33m 513[2mms[22m[39m
     [33m[2m✓[22m[39m updates encoded token when payload changes [33m 511[2mms[22m[39m
     [33m[2m✓[22m[39m updates encoded token when header changes [33m 514[2mms[22m[39m
     [33m[2m✓[22m[39m copies encoded token [33m 511[2mms[22m[39m
     [33m[2m✓[22m[39m handles copy failure [33m 511[2mms[22m[39m
     [33m[2m✓[22m[39m handles signing errors [33m 513[2mms[22m[39m
 [32m✓[39m src/app/tools/sql-formatter/page.test.tsx [2m([22m[2m4 tests[22m[2m)[22m[32m 148[2mms[22m[39m
 [32m✓[39m src/app/tools/unix-timestamp-converter/page.test.tsx [2m([22m[2m4 tests[22m[2m)[22m[32m 225[2mms[22m[39m
[90mstdout[2m | src/app/tools/qr-code-generator/page.test.tsx[2m > [22m[2mQrCodeGeneratorPage[2m > [22m[2muses toBlob when available for download
[22m[39mcreateElement called for canvas
Returning canvas mocked with toBlob: [33mtrue[39m
toBlob called
createElement called for a

[90mstdout[2m | src/app/tools/qr-code-generator/page.test.tsx[2m > [22m[2mQrCodeGeneratorPage[2m > [22m[2mhandles toBlob failure (null blob)
[22m[39m[TEST ERROR LOG] Failed to create blob from canvas

[90mstdout[2m | src/app/tools/qr-code-generator/page.test.tsx[2m > [22m[2mQrCodeGeneratorPage[2m > [22m[2mhandles canvas context failure
[22m[39m[TEST ERROR LOG] Failed to get 2D context for canvas

[90mstdout[2m | src/app/tools/qr-code-generator/page.test.tsx[2m > [22m[2mQrCodeGeneratorPage[2m > [22m[2mhandles image load failure
[22m[39m[TEST ERROR LOG] Image failed to load for QR code download Event {
  NONE: [33m0[39m,
  CAPTURING_PHASE: [33m1[39m,
  AT_TARGET: [33m2[39m,
  BUBBLING_PHASE: [33m3[39m,
  [[32mSymbol(composed)[39m]: [33mfalse[39m,
  [[32mSymbol(bubbles)[39m]: [33mfalse[39m,
  [[32mSymbol(cancelable)[39m]: [33mfalse[39m,
  [[32mSymbol(defaultPrevented)[39m]: [33mfalse[39m,
  [[32mSymbol(eventPhase)[39m]: [33m0[39m,
  [[32mSymbol(timeStamp)[39m]: [33m26176.461576[39m,
  [[32mSymbol(type)[39m]: [32m'error'[39m,
  [[32mSymbol(dispatching)[39m]: [33mfalse[39m,
  [[32mSymbol(immediatePropagationStopped)[39m]: [33mfalse[39m,
  [[32mSymbol(propagationStopped)[39m]: [33mfalse[39m,
  [[32mSymbol(target)[39m]: [1mnull[22m,
  [[32mSymbol(currentTarget)[39m]: [1mnull[22m,
  [[32mSymbol(isInPassiveEventListener)[39m]: [33mfalse[39m
}

 [32m✓[39m src/app/tools/qr-code-generator/page.test.tsx [2m([22m[2m11 tests[22m[2m)[22m[33m 349[2mms[22m[39m
 [32m✓[39m src/app/tools/hash-generator/page.test.tsx [2m([22m[2m4 tests[22m[2m)[22m[33m 996[2mms[22m[39m
     [33m[2m✓[22m[39m updates hashes when input changes [33m 318[2mms[22m[39m
     [33m[2m✓[22m[39m toggles uppercase [33m 321[2mms[22m[39m
     [33m[2m✓[22m[39m copies to clipboard [33m 315[2mms[22m[39m
 [32m✓[39m src/lib/lorem-ipsum.test.ts [2m([22m[2m7 tests[22m[2m)[22m[32m 4[2mms[22m[39m
 [32m✓[39m src/app/tools/uuid-generator/page.test.tsx [2m([22m[2m3 tests[22m[2m)[22m[32m 55[2mms[22m[39m
 [32m✓[39m src/app/tools/collatz-conjecture/page.test.tsx [2m([22m[2m5 tests[22m[2m)[22m[32m 71[2mms[22m[39m
 [32m✓[39m src/app/tools/regex-tester/page.test.tsx [2m([22m[2m4 tests[22m[2m)[22m[32m 60[2mms[22m[39m
 [32m✓[39m src/hooks/use-local-storage.test.ts [2m([22m[2m7 tests[22m[2m)[22m[32m 22[2mms[22m[39m
 [32m✓[39m src/app/tools/diff-viewer/page.test.tsx [2m([22m[2m3 tests[22m[2m)[22m[32m 57[2mms[22m[39m

[31m⎯⎯⎯⎯⎯⎯[39m[1m[41m Failed Suites 3 [49m[22m[31m⎯⎯⎯⎯⎯⎯⎯[39m

[41m[1m FAIL [22m[49m src/app/tools/chmod-calculator/page.test.tsx[2m [ src/app/tools/chmod-calculator/page.test.tsx ][22m
[31m[1mError[22m: Failed to resolve import "@radix-ui/react-checkbox" from "src/components/ui/checkbox.tsx". Does the file exist?[39m
  Plugin: [35mvite:import-analysis[39m
  File: [36m/workspaces/toolkit-site/src/components/ui/checkbox.tsx[39m:4:35
[33m  1  |  "use client";
  2  |  import { jsxDEV } from "react/jsx-dev-runtime";
  3  |  import * as CheckboxPrimitive from "@radix-ui/react-checkbox";
     |                                      ^
  4  |  import { CheckIcon } from "lucide-react";
  5  |  import { cn } from "@/lib/utils";[39m
[90m [2m❯[22m TransformPluginContext._formatLog node_modules/.pnpm/vite@7.2.7_@types+node@20.19.26_jiti@2.6.1_lightningcss@1.30.2/node_modules/vite/dist/node/chunks/config.js:[2m28998:43[22m[39m
[90m [2m❯[22m TransformPluginContext.error node_modules/.pnpm/vite@7.2.7_@types+node@20.19.26_jiti@2.6.1_lightningcss@1.30.2/node_modules/vite/dist/node/chunks/config.js:[2m28995:14[22m[39m
[90m [2m❯[22m normalizeUrl node_modules/.pnpm/vite@7.2.7_@types+node@20.19.26_jiti@2.6.1_lightningcss@1.30.2/node_modules/vite/dist/node/chunks/config.js:[2m27118:18[22m[39m
[90m [2m❯[22m node_modules/.pnpm/vite@7.2.7_@types+node@20.19.26_jiti@2.6.1_lightningcss@1.30.2/node_modules/vite/dist/node/chunks/config.js:[2m27176:32[22m[39m
[90m [2m❯[22m TransformPluginContext.transform node_modules/.pnpm/vite@7.2.7_@types+node@20.19.26_jiti@2.6.1_lightningcss@1.30.2/node_modules/vite/dist/node/chunks/config.js:[2m27144:4[22m[39m
[90m [2m❯[22m EnvironmentPluginContainer.transform node_modules/.pnpm/vite@7.2.7_@types+node@20.19.26_jiti@2.6.1_lightningcss@1.30.2/node_modules/vite/dist/node/chunks/config.js:[2m28796:14[22m[39m
[90m [2m❯[22m loadAndTransform node_modules/.pnpm/vite@7.2.7_@types+node@20.19.26_jiti@2.6.1_lightningcss@1.30.2/node_modules/vite/dist/node/chunks/config.js:[2m22669:26[22m[39m

[31m[2m⎯⎯⎯⎯⎯⎯⎯⎯⎯⎯⎯⎯⎯⎯⎯⎯⎯⎯⎯⎯⎯⎯⎯⎯[1/3]⎯[22m[39m

[41m[1m FAIL [22m[49m src/app/tools/cron-expression-generator/page.test.tsx[2m [ src/app/tools/cron-expression-generator/page.test.tsx ][22m
[31m[1mError[22m: Failed to resolve import "cronstrue" from "src/app/tools/cron-expression-generator/page.tsx". Does the file exist?[39m
  Plugin: [35mvite:import-analysis[39m
  File: [36m/workspaces/toolkit-site/src/app/tools/cron-expression-generator/page.tsx[39m:4:22
[33m  2  |  import { jsxDEV } from "react/jsx-dev-runtime";
  3  |  import { useState, useMemo } from "react";
  4  |  import cronstrue from "cronstrue";
     |                         ^
  5  |  import { Copy, AlertCircle, Check } from "lucide-react";
  6  |  import { Button } from "@/components/ui/button";[39m
[90m [2m❯[22m TransformPluginContext._formatLog node_modules/.pnpm/vite@7.2.7_@types+node@20.19.26_jiti@2.6.1_lightningcss@1.30.2/node_modules/vite/dist/node/chunks/config.js:[2m28998:43[22m[39m
[90m [2m❯[22m TransformPluginContext.error node_modules/.pnpm/vite@7.2.7_@types+node@20.19.26_jiti@2.6.1_lightningcss@1.30.2/node_modules/vite/dist/node/chunks/config.js:[2m28995:14[22m[39m
[90m [2m❯[22m normalizeUrl node_modules/.pnpm/vite@7.2.7_@types+node@20.19.26_jiti@2.6.1_lightningcss@1.30.2/node_modules/vite/dist/node/chunks/config.js:[2m27118:18[22m[39m
[90m [2m❯[22m node_modules/.pnpm/vite@7.2.7_@types+node@20.19.26_jiti@2.6.1_lightningcss@1.30.2/node_modules/vite/dist/node/chunks/config.js:[2m27176:32[22m[39m
[90m [2m❯[22m TransformPluginContext.transform node_modules/.pnpm/vite@7.2.7_@types+node@20.19.26_jiti@2.6.1_lightningcss@1.30.2/node_modules/vite/dist/node/chunks/config.js:[2m27144:4[22m[39m
[90m [2m❯[22m EnvironmentPluginContainer.transform node_modules/.pnpm/vite@7.2.7_@types+node@20.19.26_jiti@2.6.1_lightningcss@1.30.2/node_modules/vite/dist/node/chunks/config.js:[2m28796:14[22m[39m
[90m [2m❯[22m loadAndTransform node_modules/.pnpm/vite@7.2.7_@types+node@20.19.26_jiti@2.6.1_lightningcss@1.30.2/node_modules/vite/dist/node/chunks/config.js:[2m22669:26[22m[39m

[31m[2m⎯⎯⎯⎯⎯⎯⎯⎯⎯⎯⎯⎯⎯⎯⎯⎯⎯⎯⎯⎯⎯⎯⎯⎯[2/3]⎯[22m[39m

[41m[1m FAIL [22m[49m src/app/tools/markdown-previewer/page.test.tsx[2m [ src/app/tools/markdown-previewer/page.test.tsx ][22m
[31m[1mError[22m: Failed to resolve import "react-markdown" from "src/app/tools/markdown-previewer/page.tsx". Does the file exist?[39m
  Plugin: [35mvite:import-analysis[39m
  File: [36m/workspaces/toolkit-site/src/app/tools/markdown-previewer/page.tsx[39m:7:26
[33m  5  |  import { Card, CardContent, CardDescription, CardHeader, CardTitle } from "@/components/ui/card";
  6  |  import { Textarea } from "@/components/ui/textarea";
  7  |  import ReactMarkdown from "react-markdown";
     |                             ^
  8  |  import remarkGfm from "remark-gfm";
  9  |  import { Trash2 } from "lucide-react";[39m
[90m [2m❯[22m TransformPluginContext._formatLog node_modules/.pnpm/vite@7.2.7_@types+node@20.19.26_jiti@2.6.1_lightningcss@1.30.2/node_modules/vite/dist/node/chunks/config.js:[2m28998:43[22m[39m
[90m [2m❯[22m TransformPluginContext.error node_modules/.pnpm/vite@7.2.7_@types+node@20.19.26_jiti@2.6.1_lightningcss@1.30.2/node_modules/vite/dist/node/chunks/config.js:[2m28995:14[22m[39m
[90m [2m❯[22m normalizeUrl node_modules/.pnpm/vite@7.2.7_@types+node@20.19.26_jiti@2.6.1_lightningcss@1.30.2/node_modules/vite/dist/node/chunks/config.js:[2m27118:18[22m[39m
[90m [2m❯[22m node_modules/.pnpm/vite@7.2.7_@types+node@20.19.26_jiti@2.6.1_lightningcss@1.30.2/node_modules/vite/dist/node/chunks/config.js:[2m27176:32[22m[39m
[90m [2m❯[22m TransformPluginContext.transform node_modules/.pnpm/vite@7.2.7_@types+node@20.19.26_jiti@2.6.1_lightningcss@1.30.2/node_modules/vite/dist/node/chunks/config.js:[2m27144:4[22m[39m
[90m [2m❯[22m EnvironmentPluginContainer.transform node_modules/.pnpm/vite@7.2.7_@types+node@20.19.26_jiti@2.6.1_lightningcss@1.30.2/node_modules/vite/dist/node/chunks/config.js:[2m28796:14[22m[39m
[90m [2m❯[22m loadAndTransform node_modules/.pnpm/vite@7.2.7_@types+node@20.19.26_jiti@2.6.1_lightningcss@1.30.2/node_modules/vite/dist/node/chunks/config.js:[2m22669:26[22m[39m

[31m[2m⎯⎯⎯⎯⎯⎯⎯⎯⎯⎯⎯⎯⎯⎯⎯⎯⎯⎯⎯⎯⎯⎯⎯⎯[3/3]⎯[22m[39m


[2m Test Files [22m [1m[31m3 failed[39m[22m[2m | [22m[1m[32m21 passed[39m[22m[90m (24)[39m
[2m      Tests [22m [1m[32m133 passed[39m[22m[90m (133)[39m
[2m   Start at [22m 15:20:50
[2m   Duration [22m 31.55s[2m (transform 25.54s, setup 53.03s, import 176.39s, tests 7.21s, environment 135.10s)[22m

